// Jest Snapshot v1, https://goo.gl/fbAQLP

exports[`should render a RandomImage 1`] = `
ShallowWrapper {
  Symbol(enzyme.__root__): [Circular],
  Symbol(enzyme.__unrendered__): <RandomImage />,
  Symbol(enzyme.__renderer__): Object {
    "batchedUpdates": [Function],
    "getNode": [Function],
    "render": [Function],
    "simulateError": [Function],
    "simulateEvent": [Function],
    "unmount": [Function],
  },
  Symbol(enzyme.__node__): Object {
    "instance": null,
    "key": undefined,
    "nodeType": "host",
    "props": Object {
      "children": Array [
        <h3>
           View random image of dog
        </h3>,
        <div>
          <img
            src={null}
          />
          <WithStyles(Fab)
            color="default"
            onClick={[Function]}
            variant="round"
          >
             Next
          </WithStyles(Fab)>
        </div>,
      ],
      "className": "positionCenter",
    },
    "ref": null,
    "rendered": Array [
      Object {
        "instance": null,
        "key": undefined,
        "nodeType": "host",
        "props": Object {
          "children": " View random image of dog",
        },
        "ref": null,
        "rendered": " View random image of dog",
        "type": "h3",
      },
      Object {
        "instance": null,
        "key": undefined,
        "nodeType": "host",
        "props": Object {
          "children": Array [
            <img
              src={null}
            />,
            <WithStyles(Fab)
              color="default"
              onClick={[Function]}
              variant="round"
            >
               Next
            </WithStyles(Fab)>,
          ],
        },
        "ref": null,
        "rendered": Array [
          Object {
            "instance": null,
            "key": undefined,
            "nodeType": "host",
            "props": Object {
              "src": null,
            },
            "ref": null,
            "rendered": null,
            "type": "img",
          },
          Object {
            "instance": null,
            "key": undefined,
            "nodeType": "class",
            "props": Object {
              "children": " Next",
              "color": "default",
              "onClick": [Function],
              "variant": "round",
            },
            "ref": null,
            "rendered": " Next",
            "type": [Function],
          },
        ],
        "type": "div",
      },
    ],
    "type": "div",
  },
  Symbol(enzyme.__nodes__): Array [
    Object {
      "instance": null,
      "key": undefined,
      "nodeType": "host",
      "props": Object {
        "children": Array [
          <h3>
             View random image of dog
          </h3>,
          <div>
            <img
              src={null}
            />
            <WithStyles(Fab)
              color="default"
              onClick={[Function]}
              variant="round"
            >
               Next
            </WithStyles(Fab)>
          </div>,
        ],
        "className": "positionCenter",
      },
      "ref": null,
      "rendered": Array [
        Object {
          "instance": null,
          "key": undefined,
          "nodeType": "host",
          "props": Object {
            "children": " View random image of dog",
          },
          "ref": null,
          "rendered": " View random image of dog",
          "type": "h3",
        },
        Object {
          "instance": null,
          "key": undefined,
          "nodeType": "host",
          "props": Object {
            "children": Array [
              <img
                src={null}
              />,
              <WithStyles(Fab)
                color="default"
                onClick={[Function]}
                variant="round"
              >
                 Next
              </WithStyles(Fab)>,
            ],
          },
          "ref": null,
          "rendered": Array [
            Object {
              "instance": null,
              "key": undefined,
              "nodeType": "host",
              "props": Object {
                "src": null,
              },
              "ref": null,
              "rendered": null,
              "type": "img",
            },
            Object {
              "instance": null,
              "key": undefined,
              "nodeType": "class",
              "props": Object {
                "children": " Next",
                "color": "default",
                "onClick": [Function],
                "variant": "round",
              },
              "ref": null,
              "rendered": " Next",
              "type": [Function],
            },
          ],
          "type": "div",
        },
      ],
      "type": "div",
    },
  ],
  Symbol(enzyme.__options__): Object {
    "adapter": ReactSixteenAdapter {
      "options": Object {
        "enableComponentDidUpdateOnSetState": true,
        "lifecycles": Object {
          "componentDidUpdate": Object {
            "onSetState": true,
          },
          "getDerivedStateFromProps": true,
          "getSnapshotBeforeUpdate": true,
          "setState": Object {
            "skipsComponentDidUpdateOnNullish": true,
          },
        },
      },
    },
  },
}
`;
